// Jest Snapshot v1, https://goo.gl/fbAQLP

exports[`ProductList Component matches snapshot 1`] = `
<DocumentFragment>
  <ul>
    <li>
      Product 1 - $10.00
    </li>
    <li>
      Product 2 - $20.00
    </li>
  </ul>
</DocumentFragment>
`;
